   1               		.file	"encoder.c"
   2               	__SP_H__ = 0x3e
   3               	__SP_L__ = 0x3d
   4               	__SREG__ = 0x3f
   5               	__tmp_reg__ = 0
   6               	__zero_reg__ = 1
   7               		.text
   8               	.Ltext0:
   9               		.cfi_sections	.debug_frame
  10               	.global	direction
  12               	direction:
  13               	.LFB0:
  14               		.file 1 "encoder.c"
   1:encoder.c     **** #include "encoder.h"
   2:encoder.c     **** 
   3:encoder.c     **** void direction(struct Enc *danyEncoder)
   4:encoder.c     **** {
  15               		.loc 1 4 0
  16               		.cfi_startproc
  17               	.LVL0:
  18               	/* prologue: function */
  19               	/* frame size = 0 */
  20               	/* stack size = 0 */
  21               	.L__stack_usage = 0
  22 0000 FC01      		movw r30,r24
   5:encoder.c     **** if (EN_PIN & danyEncoder->maskA)		//A zmianilo stan na wysoki
  23               		.loc 1 5 0
  24 0002 90B3      		in r25,0x10
  25 0004 8081      		ld r24,Z
  26               	.LVL1:
  27 0006 8923      		and r24,r25
  28 0008 9181      		ldd r25,Z+1
  29 000a 2281      		ldd r18,Z+2
  30 000c 3381      		ldd r19,Z+3
  31 000e 8823      		tst r24
  32 0010 01F0      		breq .L2
   6:encoder.c     **** {
   7:encoder.c     **** 	if(EN_PIN & danyEncoder->maskB)
  33               		.loc 1 7 0
  34 0012 80B3      		in r24,0x10
  35 0014 9823      		and r25,r24
  36 0016 01F0      		breq .L3
  37               	.L5:
   8:encoder.c     **** 		danyEncoder->count-=1;
  38               		.loc 1 8 0
  39 0018 2150      		subi r18,1
  40 001a 3109      		sbc r19,__zero_reg__
  41 001c 00C0      		rjmp .L9
  42               	.L2:
   9:encoder.c     **** 	else
  10:encoder.c     **** 		danyEncoder->count+=1;
  11:encoder.c     **** }
  12:encoder.c     **** else									//A zmienilo stan na niski
  13:encoder.c     **** {
  14:encoder.c     **** 	if(EN_PIN & danyEncoder->maskB)
  43               		.loc 1 14 0
  44 001e 80B3      		in r24,0x10
  45 0020 9823      		and r25,r24
  46 0022 01F0      		breq .L5
  47               	.L3:
  10:encoder.c     **** }
  48               		.loc 1 10 0
  49 0024 2F5F      		subi r18,-1
  50 0026 3F4F      		sbci r19,-1
  51               	.L9:
  52 0028 3383      		std Z+3,r19
  53 002a 2283      		std Z+2,r18
  54 002c 0895      		ret
  55               		.cfi_endproc
  56               	.LFE0:
  58               		.comm	encoder2,4,1
  59               		.comm	encoder1,4,1
  60               	.Letext0:
  61               		.file 2 "encoder.h"
  62               		.file 3 "/usr/lib/avr/include/stdint.h"
DEFINED SYMBOLS
                            *ABS*:0000000000000000 encoder.c
     /tmp/ccc0RyID.s:2      *ABS*:000000000000003e __SP_H__
     /tmp/ccc0RyID.s:3      *ABS*:000000000000003d __SP_L__
     /tmp/ccc0RyID.s:4      *ABS*:000000000000003f __SREG__
     /tmp/ccc0RyID.s:5      *ABS*:0000000000000000 __tmp_reg__
     /tmp/ccc0RyID.s:6      *ABS*:0000000000000001 __zero_reg__
     /tmp/ccc0RyID.s:12     .text:0000000000000000 direction
                            *COM*:0000000000000004 encoder2
                            *COM*:0000000000000004 encoder1

UNDEFINED SYMBOLS
__do_clear_bss
