Archive member included to satisfy reference by file (symbol)

/usr/lib/gcc/avr/4.9.2/../../../avr/lib/avr5/libm.a(acos.o)
                              pushto_lib.o (acos)
/usr/lib/gcc/avr/4.9.2/../../../avr/lib/avr5/libm.a(addsf3.o)
                              pushto_lib.o (__subsf3)
/usr/lib/gcc/avr/4.9.2/../../../avr/lib/avr5/libm.a(addsf3x.o)
                              /usr/lib/gcc/avr/4.9.2/../../../avr/lib/avr5/libm.a(acos.o) (__addsf3x)
/usr/lib/gcc/avr/4.9.2/../../../avr/lib/avr5/libm.a(asin.o)
                              pushto_lib.o (asin)
/usr/lib/gcc/avr/4.9.2/../../../avr/lib/avr5/libm.a(atan.o)
                              pushto_lib.o (atan)
/usr/lib/gcc/avr/4.9.2/../../../avr/lib/avr5/libm.a(cmpsf2.o)
                              pushto_lib.o (__ltsf2)
/usr/lib/gcc/avr/4.9.2/../../../avr/lib/avr5/libm.a(cos.o)
                              pushto_lib.o (cos)
/usr/lib/gcc/avr/4.9.2/../../../avr/lib/avr5/libm.a(divsf3.o)
                              pushto_lib.o (__divsf3)
/usr/lib/gcc/avr/4.9.2/../../../avr/lib/avr5/libm.a(divsf3x.o)
                              /usr/lib/gcc/avr/4.9.2/../../../avr/lib/avr5/libm.a(divsf3.o) (__divsf3x)
/usr/lib/gcc/avr/4.9.2/../../../avr/lib/avr5/libm.a(floatsisf.o)
                              pushto_lib.o (__floatsisf)
/usr/lib/gcc/avr/4.9.2/../../../avr/lib/avr5/libm.a(fp_arccos.o)
                              /usr/lib/gcc/avr/4.9.2/../../../avr/lib/avr5/libm.a(acos.o) (__fp_arccos)
/usr/lib/gcc/avr/4.9.2/../../../avr/lib/avr5/libm.a(fp_cmp.o)
                              /usr/lib/gcc/avr/4.9.2/../../../avr/lib/avr5/libm.a(cmpsf2.o) (__fp_cmp)
/usr/lib/gcc/avr/4.9.2/../../../avr/lib/avr5/libm.a(fp_inf.o)
                              /usr/lib/gcc/avr/4.9.2/../../../avr/lib/avr5/libm.a(addsf3x.o) (__fp_inf)
/usr/lib/gcc/avr/4.9.2/../../../avr/lib/avr5/libm.a(fp_nan.o)
                              /usr/lib/gcc/avr/4.9.2/../../../avr/lib/avr5/libm.a(addsf3x.o) (__fp_nan)
/usr/lib/gcc/avr/4.9.2/../../../avr/lib/avr5/libm.a(fp_powser.o)
                              /usr/lib/gcc/avr/4.9.2/../../../avr/lib/avr5/libm.a(atan.o) (__fp_powser)
/usr/lib/gcc/avr/4.9.2/../../../avr/lib/avr5/libm.a(fp_powsodd.o)
                              /usr/lib/gcc/avr/4.9.2/../../../avr/lib/avr5/libm.a(asin.o) (__fp_powsodd)
/usr/lib/gcc/avr/4.9.2/../../../avr/lib/avr5/libm.a(fp_pscA.o)
                              /usr/lib/gcc/avr/4.9.2/../../../avr/lib/avr5/libm.a(addsf3x.o) (__fp_pscA)
/usr/lib/gcc/avr/4.9.2/../../../avr/lib/avr5/libm.a(fp_pscB.o)
                              /usr/lib/gcc/avr/4.9.2/../../../avr/lib/avr5/libm.a(addsf3x.o) (__fp_pscB)
/usr/lib/gcc/avr/4.9.2/../../../avr/lib/avr5/libm.a(fp_rempio2.o)
                              /usr/lib/gcc/avr/4.9.2/../../../avr/lib/avr5/libm.a(cos.o) (__fp_rempio2)
/usr/lib/gcc/avr/4.9.2/../../../avr/lib/avr5/libm.a(fp_round.o)
                              /usr/lib/gcc/avr/4.9.2/../../../avr/lib/avr5/libm.a(acos.o) (__fp_round)
/usr/lib/gcc/avr/4.9.2/../../../avr/lib/avr5/libm.a(fp_sinus.o)
                              /usr/lib/gcc/avr/4.9.2/../../../avr/lib/avr5/libm.a(cos.o) (__fp_sinus)
/usr/lib/gcc/avr/4.9.2/../../../avr/lib/avr5/libm.a(fp_split3.o)
                              /usr/lib/gcc/avr/4.9.2/../../../avr/lib/avr5/libm.a(addsf3x.o) (__fp_split3)
/usr/lib/gcc/avr/4.9.2/../../../avr/lib/avr5/libm.a(fp_zero.o)
                              /usr/lib/gcc/avr/4.9.2/../../../avr/lib/avr5/libm.a(addsf3x.o) (__fp_zero)
/usr/lib/gcc/avr/4.9.2/../../../avr/lib/avr5/libm.a(gesf2.o)
                              encoder.o (__gesf2)
/usr/lib/gcc/avr/4.9.2/../../../avr/lib/avr5/libm.a(inverse.o)
                              /usr/lib/gcc/avr/4.9.2/../../../avr/lib/avr5/libm.a(atan.o) (inverse)
/usr/lib/gcc/avr/4.9.2/../../../avr/lib/avr5/libm.a(lround.o)
                              pushto_lib.o (lround)
/usr/lib/gcc/avr/4.9.2/../../../avr/lib/avr5/libm.a(mulsf3.o)
                              pushto_lib.o (__mulsf3)
/usr/lib/gcc/avr/4.9.2/../../../avr/lib/avr5/libm.a(mulsf3x.o)
                              /usr/lib/gcc/avr/4.9.2/../../../avr/lib/avr5/libm.a(atan.o) (__mulsf3x)
/usr/lib/gcc/avr/4.9.2/../../../avr/lib/avr5/libm.a(sin.o)
                              pushto_lib.o (sin)
/usr/lib/gcc/avr/4.9.2/../../../avr/lib/avr5/libm.a(sqrt.o)
                              /usr/lib/gcc/avr/4.9.2/../../../avr/lib/avr5/libm.a(fp_arccos.o) (sqrt)
/usr/lib/gcc/avr/4.9.2/../../../avr/lib/avr5/libm.a(square.o)
                              /usr/lib/gcc/avr/4.9.2/../../../avr/lib/avr5/libm.a(atan.o) (square)
/usr/lib/gcc/avr/4.9.2/../../../avr/lib/avr5/libm.a(fp_mpack.o)
                              /usr/lib/gcc/avr/4.9.2/../../../avr/lib/avr5/libm.a(sqrt.o) (__fp_mpack)
/usr/lib/gcc/avr/4.9.2/../../../avr/lib/avr5/libm.a(fp_norm2.o)
                              /usr/lib/gcc/avr/4.9.2/../../../avr/lib/avr5/libm.a(sqrt.o) (__fp_norm2)
/usr/lib/gcc/avr/4.9.2/avr5/libgcc.a(_divmodhi4.o)
                              lcd.o (__divmodhi4)
/usr/lib/gcc/avr/4.9.2/avr5/libgcc.a(_exit.o)
                              /usr/lib/gcc/avr/4.9.2/../../../avr/lib/avr5/crtatmega16a.o (exit)
/usr/lib/gcc/avr/4.9.2/avr5/libgcc.a(_copy_data.o)
                              pushto_lib.o (__do_copy_data)
/usr/lib/gcc/avr/4.9.2/avr5/libgcc.a(_clear_bss.o)
                              Pushto.o (__do_clear_bss)
/usr/lib/gcc/avr/4.9.2/avr5/libgcc.a(_udivmodhi4.o)
                              /usr/lib/gcc/avr/4.9.2/avr5/libgcc.a(_divmodhi4.o) (__udivmodhi4)
/usr/lib/gcc/avr/4.9.2/../../../avr/lib/avr5/libc.a(sscanf.o)
                              pushto_lib.o (sscanf)
/usr/lib/gcc/avr/4.9.2/../../../avr/lib/avr5/libc.a(vfscanf_std.o)
                              /usr/lib/gcc/avr/4.9.2/../../../avr/lib/avr5/libc.a(sscanf.o) (vfscanf)
/usr/lib/gcc/avr/4.9.2/../../../avr/lib/avr5/libc.a(isspace.o)
                              /usr/lib/gcc/avr/4.9.2/../../../avr/lib/avr5/libc.a(vfscanf_std.o) (isspace)
/usr/lib/gcc/avr/4.9.2/../../../avr/lib/avr5/libc.a(strchr_P.o)
                              /usr/lib/gcc/avr/4.9.2/../../../avr/lib/avr5/libc.a(vfscanf_std.o) (strchr_P)
/usr/lib/gcc/avr/4.9.2/../../../avr/lib/avr5/libc.a(fgetc.o)
                              /usr/lib/gcc/avr/4.9.2/../../../avr/lib/avr5/libc.a(vfscanf_std.o) (fgetc)
/usr/lib/gcc/avr/4.9.2/../../../avr/lib/avr5/libc.a(ungetc.o)
                              /usr/lib/gcc/avr/4.9.2/../../../avr/lib/avr5/libc.a(vfscanf_std.o) (ungetc)
/usr/lib/gcc/avr/4.9.2/../../../avr/lib/avr5/libc.a(cty_isfalse.o)
                              /usr/lib/gcc/avr/4.9.2/../../../avr/lib/avr5/libc.a(isspace.o) (__ctype_isfalse)
/usr/lib/gcc/avr/4.9.2/avr5/libgcc.a(_prologue.o)
                              /usr/lib/gcc/avr/4.9.2/../../../avr/lib/avr5/libc.a(sscanf.o) (__prologue_saves__)
/usr/lib/gcc/avr/4.9.2/avr5/libgcc.a(_epilogue.o)
                              /usr/lib/gcc/avr/4.9.2/../../../avr/lib/avr5/libc.a(sscanf.o) (__epilogue_restores__)

Allocating common symbols
Common symbol       size              file

keypad_A            0x15              Pushto.o
encoder1            0x8               Pushto.o
telescope_A         0x1a              Pushto.o
encoder2            0x8               Pushto.o

Memory Configuration

Name             Origin             Length             Attributes
text             0x0000000000000000 0x0000000000020000 xr
data             0x0000000000800060 0x000000000000ffa0 rw !x
eeprom           0x0000000000810000 0x0000000000010000 rw !x
fuse             0x0000000000820000 0x0000000000000400 rw !x
lock             0x0000000000830000 0x0000000000000400 rw !x
signature        0x0000000000840000 0x0000000000000400 rw !x
user_signatures  0x0000000000850000 0x0000000000000400 rw !x
*default*        0x0000000000000000 0xffffffffffffffff

Linker script and memory map

LOAD /usr/lib/gcc/avr/4.9.2/../../../avr/lib/avr5/crtatmega16a.o
LOAD Pushto.o
LOAD lcd.o
LOAD keypad.o
LOAD pushto_lib.o
LOAD encoder.o
LOAD /usr/lib/gcc/avr/4.9.2/../../../avr/lib/avr5/libm.a
START GROUP
LOAD /usr/lib/gcc/avr/4.9.2/avr5/libgcc.a
LOAD /usr/lib/gcc/avr/4.9.2/../../../avr/lib/avr5/libm.a
LOAD /usr/lib/gcc/avr/4.9.2/../../../avr/lib/avr5/libc.a
LOAD /usr/lib/gcc/avr/4.9.2/../../../avr/lib/avr5/libatmega16a.a
END GROUP

.hash
 *(.hash)

.dynsym
 *(.dynsym)

.dynstr
 *(.dynstr)

.gnu.version
 *(.gnu.version)

.gnu.version_d
 *(.gnu.version_d)

.gnu.version_r
 *(.gnu.version_r)

.rel.init
 *(.rel.init)

.rela.init
 *(.rela.init)

.rel.text
 *(.rel.text)
 *(.rel.text.*)
 *(.rel.gnu.linkonce.t*)

.rela.text
 *(.rela.text)
 *(.rela.text.*)
 *(.rela.gnu.linkonce.t*)

.rel.fini
 *(.rel.fini)

.rela.fini
 *(.rela.fini)

.rel.rodata
 *(.rel.rodata)
 *(.rel.rodata.*)
 *(.rel.gnu.linkonce.r*)

.rela.rodata
 *(.rela.rodata)
 *(.rela.rodata.*)
 *(.rela.gnu.linkonce.r*)

.rel.data
 *(.rel.data)
 *(.rel.data.*)
 *(.rel.gnu.linkonce.d*)

.rela.data
 *(.rela.data)
 *(.rela.data.*)
 *(.rela.gnu.linkonce.d*)

.rel.ctors
 *(.rel.ctors)

.rela.ctors
 *(.rela.ctors)

.rel.dtors
 *(.rel.dtors)

.rela.dtors
 *(.rela.dtors)

.rel.got
 *(.rel.got)

.rela.got
 *(.rela.got)

.rel.bss
 *(.rel.bss)

.rela.bss
 *(.rela.bss)

.rel.plt
 *(.rel.plt)

.rela.plt
 *(.rela.plt)

.text           0x0000000000000000     0x1eea
 *(.vectors)
 .vectors       0x0000000000000000       0x54 /usr/lib/gcc/avr/4.9.2/../../../avr/lib/avr5/crtatmega16a.o
                0x0000000000000000                __vectors
                0x0000000000000000                __vector_default
 *(.vectors)
 *(.progmem.gcc*)
 .progmem.gcc_fplib
                0x0000000000000054       0x14 /usr/lib/gcc/avr/4.9.2/../../../avr/lib/avr5/libm.a(asin.o)
 .progmem.gcc_fplib
                0x0000000000000068       0x2d /usr/lib/gcc/avr/4.9.2/../../../avr/lib/avr5/libm.a(atan.o)
 .progmem.gcc_fplib
                0x0000000000000095       0x28 /usr/lib/gcc/avr/4.9.2/../../../avr/lib/avr5/libm.a(fp_arccos.o)
 .progmem.gcc_fplib
                0x00000000000000bd       0x1e /usr/lib/gcc/avr/4.9.2/../../../avr/lib/avr5/libm.a(fp_sinus.o)
                0x00000000000000dc                . = ALIGN (0x2)
 *fill*         0x00000000000000db        0x1 
                0x00000000000000dc                __trampolines_start = .
 *(.trampolines)
 .trampolines   0x00000000000000dc        0x0 linker stubs
 *(.trampolines*)
                0x00000000000000dc                __trampolines_end = .
 *(.progmem*)
 .progmem.data  0x00000000000000dc        0xc /usr/lib/gcc/avr/4.9.2/../../../avr/lib/avr5/libc.a(vfscanf_std.o)
                0x00000000000000e8                . = ALIGN (0x2)
 *(.jumptables)
 *(.jumptables*)
 *(.lowtext)
 *(.lowtext*)
                0x00000000000000e8                __ctors_start = .
 *(.ctors)
                0x00000000000000e8                __ctors_end = .
                0x00000000000000e8                __dtors_start = .
 *(.dtors)
                0x00000000000000e8                __dtors_end = .
 SORT(*)(.ctors)
 SORT(*)(.dtors)
 *(.init0)
 .init0         0x00000000000000e8        0x0 /usr/lib/gcc/avr/4.9.2/../../../avr/lib/avr5/crtatmega16a.o
                0x00000000000000e8                __init
 *(.init0)
 *(.init1)
 *(.init1)
 *(.init2)
 .init2         0x00000000000000e8        0xc /usr/lib/gcc/avr/4.9.2/../../../avr/lib/avr5/crtatmega16a.o
 *(.init2)
 *(.init3)
 *(.init3)
 *(.init4)
 .init4         0x00000000000000f4       0x16 /usr/lib/gcc/avr/4.9.2/avr5/libgcc.a(_copy_data.o)
                0x00000000000000f4                __do_copy_data
 .init4         0x000000000000010a       0x10 /usr/lib/gcc/avr/4.9.2/avr5/libgcc.a(_clear_bss.o)
                0x000000000000010a                __do_clear_bss
 *(.init4)
 *(.init5)
 *(.init5)
 *(.init6)
 *(.init6)
 *(.init7)
 *(.init7)
 *(.init8)
 *(.init8)
 *(.init9)
 .init9         0x000000000000011a        0x8 /usr/lib/gcc/avr/4.9.2/../../../avr/lib/avr5/crtatmega16a.o
 *(.init9)
 *(.text)
 .text          0x0000000000000122        0x4 /usr/lib/gcc/avr/4.9.2/../../../avr/lib/avr5/crtatmega16a.o
                0x0000000000000122                __vector_12
                0x0000000000000122                __bad_interrupt
                0x0000000000000122                __vector_3
                0x0000000000000122                __vector_11
                0x0000000000000122                __vector_13
                0x0000000000000122                __vector_17
                0x0000000000000122                __vector_19
                0x0000000000000122                __vector_7
                0x0000000000000122                __vector_5
                0x0000000000000122                __vector_4
                0x0000000000000122                __vector_9
                0x0000000000000122                __vector_15
                0x0000000000000122                __vector_8
                0x0000000000000122                __vector_14
                0x0000000000000122                __vector_10
                0x0000000000000122                __vector_16
                0x0000000000000122                __vector_18
                0x0000000000000122                __vector_20
 .text          0x0000000000000126      0x198 Pushto.o
                0x0000000000000126                system_init
                0x00000000000001b0                __vector_6
                0x0000000000000226                __vector_1
                0x0000000000000272                __vector_2
 .text          0x00000000000002be      0x27a lcd.o
                0x00000000000002be                lcdcmd
                0x000000000000030c                lcdData
                0x000000000000035a                lcdInit
                0x0000000000000408                prints
                0x0000000000000420                gotoXy
                0x0000000000000430                integerToLcd
                0x0000000000000532                lcd_clr
 .text          0x0000000000000538      0x210 keypad.o
                0x0000000000000538                keypad
                0x000000000000057e                keypad_clr_buf
                0x0000000000000596                keypad_proc
 .text          0x0000000000000748      0x826 pushto_lib.o
                0x0000000000000748                kalibracja
                0x000000000000093c                nowy_cel
                0x0000000000000c00                obliczenie_nastaw
                0x0000000000000e7e                naprowadzanie
 .text          0x0000000000000f6e       0x56 encoder.o
                0x0000000000000f6e                direction
 .text          0x0000000000000fc4        0x0 /usr/lib/gcc/avr/4.9.2/../../../avr/lib/avr5/libm.a(acos.o)
 .text          0x0000000000000fc4        0x0 /usr/lib/gcc/avr/4.9.2/../../../avr/lib/avr5/libm.a(addsf3.o)
 .text          0x0000000000000fc4        0x0 /usr/lib/gcc/avr/4.9.2/../../../avr/lib/avr5/libm.a(addsf3x.o)
 .text          0x0000000000000fc4        0x0 /usr/lib/gcc/avr/4.9.2/../../../avr/lib/avr5/libm.a(asin.o)
 .text          0x0000000000000fc4        0x0 /usr/lib/gcc/avr/4.9.2/../../../avr/lib/avr5/libm.a(atan.o)
 .text          0x0000000000000fc4        0x0 /usr/lib/gcc/avr/4.9.2/../../../avr/lib/avr5/libm.a(cmpsf2.o)
 .text          0x0000000000000fc4        0x0 /usr/lib/gcc/avr/4.9.2/../../../avr/lib/avr5/libm.a(cos.o)
 .text          0x0000000000000fc4        0x0 /usr/lib/gcc/avr/4.9.2/../../../avr/lib/avr5/libm.a(divsf3.o)
 .text          0x0000000000000fc4        0x0 /usr/lib/gcc/avr/4.9.2/../../../avr/lib/avr5/libm.a(divsf3x.o)
 .text          0x0000000000000fc4        0x0 /usr/lib/gcc/avr/4.9.2/../../../avr/lib/avr5/libm.a(floatsisf.o)
 .text          0x0000000000000fc4        0x0 /usr/lib/gcc/avr/4.9.2/../../../avr/lib/avr5/libm.a(fp_arccos.o)
 .text          0x0000000000000fc4        0x0 /usr/lib/gcc/avr/4.9.2/../../../avr/lib/avr5/libm.a(fp_cmp.o)
 .text          0x0000000000000fc4        0x0 /usr/lib/gcc/avr/4.9.2/../../../avr/lib/avr5/libm.a(fp_inf.o)
 .text          0x0000000000000fc4        0x0 /usr/lib/gcc/avr/4.9.2/../../../avr/lib/avr5/libm.a(fp_nan.o)
 .text          0x0000000000000fc4        0x0 /usr/lib/gcc/avr/4.9.2/../../../avr/lib/avr5/libm.a(fp_powser.o)
 .text          0x0000000000000fc4        0x0 /usr/lib/gcc/avr/4.9.2/../../../avr/lib/avr5/libm.a(fp_powsodd.o)
 .text          0x0000000000000fc4        0x0 /usr/lib/gcc/avr/4.9.2/../../../avr/lib/avr5/libm.a(fp_pscA.o)
 .text          0x0000000000000fc4        0x0 /usr/lib/gcc/avr/4.9.2/../../../avr/lib/avr5/libm.a(fp_pscB.o)
 .text          0x0000000000000fc4        0x0 /usr/lib/gcc/avr/4.9.2/../../../avr/lib/avr5/libm.a(fp_rempio2.o)
 .text          0x0000000000000fc4        0x0 /usr/lib/gcc/avr/4.9.2/../../../avr/lib/avr5/libm.a(fp_round.o)
 .text          0x0000000000000fc4        0x0 /usr/lib/gcc/avr/4.9.2/../../../avr/lib/avr5/libm.a(fp_sinus.o)
 .text          0x0000000000000fc4        0x0 /usr/lib/gcc/avr/4.9.2/../../../avr/lib/avr5/libm.a(fp_split3.o)
 .text          0x0000000000000fc4        0x0 /usr/lib/gcc/avr/4.9.2/../../../avr/lib/avr5/libm.a(fp_zero.o)
 .text          0x0000000000000fc4        0x0 /usr/lib/gcc/avr/4.9.2/../../../avr/lib/avr5/libm.a(gesf2.o)
 .text          0x0000000000000fc4        0x0 /usr/lib/gcc/avr/4.9.2/../../../avr/lib/avr5/libm.a(inverse.o)
 .text          0x0000000000000fc4        0x0 /usr/lib/gcc/avr/4.9.2/../../../avr/lib/avr5/libm.a(lround.o)
 .text          0x0000000000000fc4        0x0 /usr/lib/gcc/avr/4.9.2/../../../avr/lib/avr5/libm.a(mulsf3.o)
 .text          0x0000000000000fc4        0x0 /usr/lib/gcc/avr/4.9.2/../../../avr/lib/avr5/libm.a(mulsf3x.o)
 .text          0x0000000000000fc4        0x0 /usr/lib/gcc/avr/4.9.2/../../../avr/lib/avr5/libm.a(sin.o)
 .text          0x0000000000000fc4        0x0 /usr/lib/gcc/avr/4.9.2/../../../avr/lib/avr5/libm.a(sqrt.o)
 .text          0x0000000000000fc4        0x0 /usr/lib/gcc/avr/4.9.2/../../../avr/lib/avr5/libm.a(square.o)
 .text          0x0000000000000fc4        0x0 /usr/lib/gcc/avr/4.9.2/../../../avr/lib/avr5/libm.a(fp_mpack.o)
 .text          0x0000000000000fc4        0x0 /usr/lib/gcc/avr/4.9.2/../../../avr/lib/avr5/libm.a(fp_norm2.o)
 .text          0x0000000000000fc4        0x0 /usr/lib/gcc/avr/4.9.2/avr5/libgcc.a(_divmodhi4.o)
 .text          0x0000000000000fc4        0x0 /usr/lib/gcc/avr/4.9.2/avr5/libgcc.a(_exit.o)
 .text          0x0000000000000fc4        0x0 /usr/lib/gcc/avr/4.9.2/avr5/libgcc.a(_copy_data.o)
 .text          0x0000000000000fc4        0x0 /usr/lib/gcc/avr/4.9.2/avr5/libgcc.a(_clear_bss.o)
 .text          0x0000000000000fc4        0x0 /usr/lib/gcc/avr/4.9.2/avr5/libgcc.a(_udivmodhi4.o)
 .text          0x0000000000000fc4        0x0 /usr/lib/gcc/avr/4.9.2/../../../avr/lib/avr5/libc.a(sscanf.o)
 .text          0x0000000000000fc4        0x0 /usr/lib/gcc/avr/4.9.2/../../../avr/lib/avr5/libc.a(vfscanf_std.o)
 .text          0x0000000000000fc4        0x0 /usr/lib/gcc/avr/4.9.2/../../../avr/lib/avr5/libc.a(isspace.o)
 .text          0x0000000000000fc4        0x0 /usr/lib/gcc/avr/4.9.2/../../../avr/lib/avr5/libc.a(strchr_P.o)
 .text          0x0000000000000fc4        0x0 /usr/lib/gcc/avr/4.9.2/../../../avr/lib/avr5/libc.a(fgetc.o)
 .text          0x0000000000000fc4        0x0 /usr/lib/gcc/avr/4.9.2/../../../avr/lib/avr5/libc.a(ungetc.o)
 .text          0x0000000000000fc4        0x0 /usr/lib/gcc/avr/4.9.2/../../../avr/lib/avr5/libc.a(cty_isfalse.o)
 .text          0x0000000000000fc4        0x0 /usr/lib/gcc/avr/4.9.2/avr5/libgcc.a(_prologue.o)
 .text          0x0000000000000fc4        0x0 /usr/lib/gcc/avr/4.9.2/avr5/libgcc.a(_epilogue.o)
                0x0000000000000fc4                . = ALIGN (0x2)
 *(.text.*)
 .text.startup  0x0000000000000fc4       0xb2 Pushto.o
                0x0000000000000fc4                main
 .text.avr-libc.fplib
                0x0000000000001076       0x22 /usr/lib/gcc/avr/4.9.2/../../../avr/lib/avr5/libm.a(acos.o)
                0x0000000000001076                acos
 .text.avr-libc.fplib
                0x0000000000001098        0xe /usr/lib/gcc/avr/4.9.2/../../../avr/lib/avr5/libm.a(addsf3.o)
                0x0000000000001098                __subsf3
                0x000000000000109a                __addsf3
 .text.avr-libc.fplib
                0x00000000000010a6       0xcc /usr/lib/gcc/avr/4.9.2/../../../avr/lib/avr5/libm.a(addsf3x.o)
                0x00000000000010c8                __addsf3x
 .text.avr-libc.fplib
                0x0000000000001172       0x36 /usr/lib/gcc/avr/4.9.2/../../../avr/lib/avr5/libm.a(asin.o)
                0x0000000000001172                asin
 .text.avr-libc.fplib
                0x00000000000011a8       0x5e /usr/lib/gcc/avr/4.9.2/../../../avr/lib/avr5/libm.a(atan.o)
                0x00000000000011a8                atan
 .text.avr-libc.fplib
                0x0000000000001206        0xa /usr/lib/gcc/avr/4.9.2/../../../avr/lib/avr5/libm.a(cmpsf2.o)
                0x0000000000001206                __lesf2
                0x0000000000001206                __nesf2
                0x0000000000001206                __eqsf2
                0x0000000000001206                __cmpsf2
                0x0000000000001206                __ltsf2
 .text.avr-libc.fplib
                0x0000000000001210        0xa /usr/lib/gcc/avr/4.9.2/../../../avr/lib/avr5/libm.a(cos.o)
                0x0000000000001210                cos
 .text.avr-libc.fplib
                0x000000000000121a        0x8 /usr/lib/gcc/avr/4.9.2/../../../avr/lib/avr5/libm.a(divsf3.o)
                0x000000000000121a                __divsf3
 .text.avr-libc.fplib
                0x0000000000001222       0xdc /usr/lib/gcc/avr/4.9.2/../../../avr/lib/avr5/libm.a(divsf3x.o)
                0x0000000000001242                __divsf3x
                0x0000000000001248                __divsf3_pse
 .text.avr-libc.fplib
                0x00000000000012fe       0x7a /usr/lib/gcc/avr/4.9.2/../../../avr/lib/avr5/libm.a(floatsisf.o)
                0x00000000000012fe                __floatunsisf
                0x0000000000001302                __floatsisf
 .text.avr-libc.fplib
                0x0000000000001378       0x40 /usr/lib/gcc/avr/4.9.2/../../../avr/lib/avr5/libm.a(fp_arccos.o)
                0x0000000000001378                __fp_arccos
 .text.avr-libc.fplib
                0x00000000000013b8       0x48 /usr/lib/gcc/avr/4.9.2/../../../avr/lib/avr5/libm.a(fp_cmp.o)
                0x00000000000013b8                __fp_cmp
 .text.avr-libc.fplib
                0x0000000000001400        0xc /usr/lib/gcc/avr/4.9.2/../../../avr/lib/avr5/libm.a(fp_inf.o)
                0x0000000000001400                __fp_inf
 .text.avr-libc.fplib
                0x000000000000140c        0x6 /usr/lib/gcc/avr/4.9.2/../../../avr/lib/avr5/libm.a(fp_nan.o)
                0x000000000000140c                __fp_nan
 .text.avr-libc.fplib
                0x0000000000001412       0x4e /usr/lib/gcc/avr/4.9.2/../../../avr/lib/avr5/libm.a(fp_powser.o)
                0x0000000000001412                __fp_powser
 .text.avr-libc.fplib
                0x0000000000001460       0x28 /usr/lib/gcc/avr/4.9.2/../../../avr/lib/avr5/libm.a(fp_powsodd.o)
                0x0000000000001460                __fp_powsodd
 .text.avr-libc.fplib
                0x0000000000001488        0xe /usr/lib/gcc/avr/4.9.2/../../../avr/lib/avr5/libm.a(fp_pscA.o)
                0x0000000000001488                __fp_pscA
 .text.avr-libc.fplib
                0x0000000000001496        0xe /usr/lib/gcc/avr/4.9.2/../../../avr/lib/avr5/libm.a(fp_pscB.o)
                0x0000000000001496                __fp_pscB
 .text.avr-libc.fplib
                0x00000000000014a4       0x56 /usr/lib/gcc/avr/4.9.2/../../../avr/lib/avr5/libm.a(fp_rempio2.o)
                0x00000000000014a8                __fp_rempio2
 .text.avr-libc.fplib
                0x00000000000014fa       0x22 /usr/lib/gcc/avr/4.9.2/../../../avr/lib/avr5/libm.a(fp_round.o)
                0x00000000000014fa                __fp_round
 .text.avr-libc.fplib
                0x000000000000151c       0x28 /usr/lib/gcc/avr/4.9.2/../../../avr/lib/avr5/libm.a(fp_sinus.o)
                0x000000000000151c                __fp_sinus
 .text.avr-libc.fplib
                0x0000000000001544       0x44 /usr/lib/gcc/avr/4.9.2/../../../avr/lib/avr5/libm.a(fp_split3.o)
                0x0000000000001544                __fp_split3
                0x0000000000001554                __fp_splitA
 .text.avr-libc.fplib
                0x0000000000001588        0xe /usr/lib/gcc/avr/4.9.2/../../../avr/lib/avr5/libm.a(fp_zero.o)
                0x0000000000001588                __fp_zero
                0x000000000000158a                __fp_szero
 .text.avr-libc.fplib
                0x0000000000001596        0xa /usr/lib/gcc/avr/4.9.2/../../../avr/lib/avr5/libm.a(gesf2.o)
                0x0000000000001596                __gtsf2
                0x0000000000001596                __gesf2
 .text.avr-libc.fplib
                0x00000000000015a0       0x10 /usr/lib/gcc/avr/4.9.2/../../../avr/lib/avr5/libm.a(inverse.o)
                0x00000000000015a0                inverse
 .text.avr-libc.fplib
                0x00000000000015b0       0x66 /usr/lib/gcc/avr/4.9.2/../../../avr/lib/avr5/libm.a(lround.o)
                0x00000000000015b0                lround
 .text.avr-libc.fplib
                0x0000000000001616        0x8 /usr/lib/gcc/avr/4.9.2/../../../avr/lib/avr5/libm.a(mulsf3.o)
                0x0000000000001616                __mulsf3
 .text.avr-libc.fplib
                0x000000000000161e       0xd2 /usr/lib/gcc/avr/4.9.2/../../../avr/lib/avr5/libm.a(mulsf3x.o)
                0x000000000000163c                __mulsf3x
                0x0000000000001642                __mulsf3_pse
 .text.avr-libc.fplib
                0x00000000000016f0       0x10 /usr/lib/gcc/avr/4.9.2/../../../avr/lib/avr5/libm.a(sin.o)
                0x00000000000016f0                sin
 .text.avr-libc.fplib
                0x0000000000001700       0x8c /usr/lib/gcc/avr/4.9.2/../../../avr/lib/avr5/libm.a(sqrt.o)
                0x000000000000170c                sqrt
                0x000000000000170c                sqrtf
 .text.avr-libc.fplib
                0x000000000000178c        0x8 /usr/lib/gcc/avr/4.9.2/../../../avr/lib/avr5/libm.a(square.o)
                0x000000000000178c                square
 .text.avr-libc.fplib
                0x0000000000001794       0x1c /usr/lib/gcc/avr/4.9.2/../../../avr/lib/avr5/libm.a(fp_mpack.o)
                0x0000000000001794                __fp_mpack
                0x0000000000001798                __fp_mpack_finite
 .text.avr-libc.fplib
                0x00000000000017b0        0xe /usr/lib/gcc/avr/4.9.2/../../../avr/lib/avr5/libm.a(fp_norm2.o)
                0x00000000000017b0                __fp_norm2
 .text.libgcc.mul
                0x00000000000017be        0x0 /usr/lib/gcc/avr/4.9.2/avr5/libgcc.a(_divmodhi4.o)
 .text.libgcc.div
                0x00000000000017be       0x28 /usr/lib/gcc/avr/4.9.2/avr5/libgcc.a(_divmodhi4.o)
                0x00000000000017be                __divmodhi4
                0x00000000000017be                _div
 .text.libgcc   0x00000000000017e6        0x0 /usr/lib/gcc/avr/4.9.2/avr5/libgcc.a(_divmodhi4.o)
 .text.libgcc.prologue
                0x00000000000017e6        0x0 /usr/lib/gcc/avr/4.9.2/avr5/libgcc.a(_divmodhi4.o)
 .text.libgcc.builtins
                0x00000000000017e6        0x0 /usr/lib/gcc/avr/4.9.2/avr5/libgcc.a(_divmodhi4.o)
 .text.libgcc.fmul
                0x00000000000017e6        0x0 /usr/lib/gcc/avr/4.9.2/avr5/libgcc.a(_divmodhi4.o)
 .text.libgcc.fixed
                0x00000000000017e6        0x0 /usr/lib/gcc/avr/4.9.2/avr5/libgcc.a(_divmodhi4.o)
 .text.libgcc.mul
                0x00000000000017e6        0x0 /usr/lib/gcc/avr/4.9.2/avr5/libgcc.a(_exit.o)
 .text.libgcc.div
                0x00000000000017e6        0x0 /usr/lib/gcc/avr/4.9.2/avr5/libgcc.a(_exit.o)
 .text.libgcc   0x00000000000017e6        0x0 /usr/lib/gcc/avr/4.9.2/avr5/libgcc.a(_exit.o)
 .text.libgcc.prologue
                0x00000000000017e6        0x0 /usr/lib/gcc/avr/4.9.2/avr5/libgcc.a(_exit.o)
 .text.libgcc.builtins
                0x00000000000017e6        0x0 /usr/lib/gcc/avr/4.9.2/avr5/libgcc.a(_exit.o)
 .text.libgcc.fmul
                0x00000000000017e6        0x0 /usr/lib/gcc/avr/4.9.2/avr5/libgcc.a(_exit.o)
 .text.libgcc.fixed
                0x00000000000017e6        0x0 /usr/lib/gcc/avr/4.9.2/avr5/libgcc.a(_exit.o)
 .text.libgcc.mul
                0x00000000000017e6        0x0 /usr/lib/gcc/avr/4.9.2/avr5/libgcc.a(_copy_data.o)
 .text.libgcc.div
                0x00000000000017e6        0x0 /usr/lib/gcc/avr/4.9.2/avr5/libgcc.a(_copy_data.o)
 .text.libgcc   0x00000000000017e6        0x0 /usr/lib/gcc/avr/4.9.2/avr5/libgcc.a(_copy_data.o)
 .text.libgcc.prologue
                0x00000000000017e6        0x0 /usr/lib/gcc/avr/4.9.2/avr5/libgcc.a(_copy_data.o)
 .text.libgcc.builtins
                0x00000000000017e6        0x0 /usr/lib/gcc/avr/4.9.2/avr5/libgcc.a(_copy_data.o)
 .text.libgcc.fmul
                0x00000000000017e6        0x0 /usr/lib/gcc/avr/4.9.2/avr5/libgcc.a(_copy_data.o)
 .text.libgcc.fixed
                0x00000000000017e6        0x0 /usr/lib/gcc/avr/4.9.2/avr5/libgcc.a(_copy_data.o)
 .text.libgcc.mul
                0x00000000000017e6        0x0 /usr/lib/gcc/avr/4.9.2/avr5/libgcc.a(_clear_bss.o)
 .text.libgcc.div
                0x00000000000017e6        0x0 /usr/lib/gcc/avr/4.9.2/avr5/libgcc.a(_clear_bss.o)
 .text.libgcc   0x00000000000017e6        0x0 /usr/lib/gcc/avr/4.9.2/avr5/libgcc.a(_clear_bss.o)
 .text.libgcc.prologue
                0x00000000000017e6        0x0 /usr/lib/gcc/avr/4.9.2/avr5/libgcc.a(_clear_bss.o)
 .text.libgcc.builtins
                0x00000000000017e6        0x0 /usr/lib/gcc/avr/4.9.2/avr5/libgcc.a(_clear_bss.o)
 .text.libgcc.fmul
                0x00000000000017e6        0x0 /usr/lib/gcc/avr/4.9.2/avr5/libgcc.a(_clear_bss.o)
 .text.libgcc.fixed
                0x00000000000017e6        0x0 /usr/lib/gcc/avr/4.9.2/avr5/libgcc.a(_clear_bss.o)
 .text.libgcc.mul
                0x00000000000017e6        0x0 /usr/lib/gcc/avr/4.9.2/avr5/libgcc.a(_udivmodhi4.o)
 .text.libgcc.div
                0x00000000000017e6       0x28 /usr/lib/gcc/avr/4.9.2/avr5/libgcc.a(_udivmodhi4.o)
                0x00000000000017e6                __udivmodhi4
 .text.libgcc   0x000000000000180e        0x0 /usr/lib/gcc/avr/4.9.2/avr5/libgcc.a(_udivmodhi4.o)
 .text.libgcc.prologue
                0x000000000000180e        0x0 /usr/lib/gcc/avr/4.9.2/avr5/libgcc.a(_udivmodhi4.o)
 .text.libgcc.builtins
                0x000000000000180e        0x0 /usr/lib/gcc/avr/4.9.2/avr5/libgcc.a(_udivmodhi4.o)
 .text.libgcc.fmul
                0x000000000000180e        0x0 /usr/lib/gcc/avr/4.9.2/avr5/libgcc.a(_udivmodhi4.o)
 .text.libgcc.fixed
                0x000000000000180e        0x0 /usr/lib/gcc/avr/4.9.2/avr5/libgcc.a(_udivmodhi4.o)
 .text.avr-libc
                0x000000000000180e       0x32 /usr/lib/gcc/avr/4.9.2/../../../avr/lib/avr5/libc.a(sscanf.o)
                0x000000000000180e                sscanf
 .text.avr-libc
                0x0000000000001840      0x55c /usr/lib/gcc/avr/4.9.2/../../../avr/lib/avr5/libc.a(vfscanf_std.o)
                0x0000000000001b40                vfscanf
 .text.avr-libc
                0x0000000000001d9c       0x12 /usr/lib/gcc/avr/4.9.2/../../../avr/lib/avr5/libc.a(isspace.o)
                0x0000000000001d9c                isspace
 .text.avr-libc
                0x0000000000001dae       0x16 /usr/lib/gcc/avr/4.9.2/../../../avr/lib/avr5/libc.a(strchr_P.o)
                0x0000000000001dae                strchr_P
 .text.avr-libc
                0x0000000000001dc4       0x7c /usr/lib/gcc/avr/4.9.2/../../../avr/lib/avr5/libc.a(fgetc.o)
                0x0000000000001dc4                fgetc
 .text.avr-libc
                0x0000000000001e40       0x32 /usr/lib/gcc/avr/4.9.2/../../../avr/lib/avr5/libc.a(ungetc.o)
                0x0000000000001e40                ungetc
 .text.avr-libc
                0x0000000000001e72        0x6 /usr/lib/gcc/avr/4.9.2/../../../avr/lib/avr5/libc.a(cty_isfalse.o)
                0x0000000000001e72                __ctype_isfalse
                0x0000000000001e76                __ctype_istrue
 .text.libgcc.mul
                0x0000000000001e78        0x0 /usr/lib/gcc/avr/4.9.2/avr5/libgcc.a(_prologue.o)
 .text.libgcc.div
                0x0000000000001e78        0x0 /usr/lib/gcc/avr/4.9.2/avr5/libgcc.a(_prologue.o)
 .text.libgcc   0x0000000000001e78        0x0 /usr/lib/gcc/avr/4.9.2/avr5/libgcc.a(_prologue.o)
 .text.libgcc.prologue
                0x0000000000001e78       0x38 /usr/lib/gcc/avr/4.9.2/avr5/libgcc.a(_prologue.o)
                0x0000000000001e78                __prologue_saves__
 .text.libgcc.builtins
                0x0000000000001eb0        0x0 /usr/lib/gcc/avr/4.9.2/avr5/libgcc.a(_prologue.o)
 .text.libgcc.fmul
                0x0000000000001eb0        0x0 /usr/lib/gcc/avr/4.9.2/avr5/libgcc.a(_prologue.o)
 .text.libgcc.fixed
                0x0000000000001eb0        0x0 /usr/lib/gcc/avr/4.9.2/avr5/libgcc.a(_prologue.o)
 .text.libgcc.mul
                0x0000000000001eb0        0x0 /usr/lib/gcc/avr/4.9.2/avr5/libgcc.a(_epilogue.o)
 .text.libgcc.div
                0x0000000000001eb0        0x0 /usr/lib/gcc/avr/4.9.2/avr5/libgcc.a(_epilogue.o)
 .text.libgcc   0x0000000000001eb0        0x0 /usr/lib/gcc/avr/4.9.2/avr5/libgcc.a(_epilogue.o)
 .text.libgcc.prologue
                0x0000000000001eb0       0x36 /usr/lib/gcc/avr/4.9.2/avr5/libgcc.a(_epilogue.o)
                0x0000000000001eb0                __epilogue_restores__
 .text.libgcc.builtins
                0x0000000000001ee6        0x0 /usr/lib/gcc/avr/4.9.2/avr5/libgcc.a(_epilogue.o)
 .text.libgcc.fmul
                0x0000000000001ee6        0x0 /usr/lib/gcc/avr/4.9.2/avr5/libgcc.a(_epilogue.o)
 .text.libgcc.fixed
                0x0000000000001ee6        0x0 /usr/lib/gcc/avr/4.9.2/avr5/libgcc.a(_epilogue.o)
                0x0000000000001ee6                . = ALIGN (0x2)
 *(.fini9)
 .fini9         0x0000000000001ee6        0x0 /usr/lib/gcc/avr/4.9.2/avr5/libgcc.a(_exit.o)
                0x0000000000001ee6                exit
                0x0000000000001ee6                _exit
 *(.fini9)
 *(.fini8)
 *(.fini8)
 *(.fini7)
 *(.fini7)
 *(.fini6)
 *(.fini6)
 *(.fini5)
 *(.fini5)
 *(.fini4)
 *(.fini4)
 *(.fini3)
 *(.fini3)
 *(.fini2)
 *(.fini2)
 *(.fini1)
 *(.fini1)
 *(.fini0)
 .fini0         0x0000000000001ee6        0x4 /usr/lib/gcc/avr/4.9.2/avr5/libgcc.a(_exit.o)
 *(.fini0)
                0x0000000000001eea                _etext = .

.data           0x0000000000800060       0xb6 load address 0x0000000000001eea
                0x0000000000800060                PROVIDE (__data_start, .)
 *(.data)
 .data          0x0000000000800060        0x0 /usr/lib/gcc/avr/4.9.2/../../../avr/lib/avr5/crtatmega16a.o
 .data          0x0000000000800060        0x0 Pushto.o
 .data          0x0000000000800060        0x0 lcd.o
 .data          0x0000000000800060        0x0 keypad.o
 .data          0x0000000000800060        0x0 pushto_lib.o
 .data          0x0000000000800060        0x0 encoder.o
 .data          0x0000000000800060        0x0 /usr/lib/gcc/avr/4.9.2/../../../avr/lib/avr5/libm.a(acos.o)
 .data          0x0000000000800060        0x0 /usr/lib/gcc/avr/4.9.2/../../../avr/lib/avr5/libm.a(addsf3.o)
 .data          0x0000000000800060        0x0 /usr/lib/gcc/avr/4.9.2/../../../avr/lib/avr5/libm.a(addsf3x.o)
 .data          0x0000000000800060        0x0 /usr/lib/gcc/avr/4.9.2/../../../avr/lib/avr5/libm.a(asin.o)
 .data          0x0000000000800060        0x0 /usr/lib/gcc/avr/4.9.2/../../../avr/lib/avr5/libm.a(atan.o)
 .data          0x0000000000800060        0x0 /usr/lib/gcc/avr/4.9.2/../../../avr/lib/avr5/libm.a(cmpsf2.o)
 .data          0x0000000000800060        0x0 /usr/lib/gcc/avr/4.9.2/../../../avr/lib/avr5/libm.a(cos.o)
 .data          0x0000000000800060        0x0 /usr/lib/gcc/avr/4.9.2/../../../avr/lib/avr5/libm.a(divsf3.o)
 .data          0x0000000000800060        0x0 /usr/lib/gcc/avr/4.9.2/../../../avr/lib/avr5/libm.a(divsf3x.o)
 .data          0x0000000000800060        0x0 /usr/lib/gcc/avr/4.9.2/../../../avr/lib/avr5/libm.a(floatsisf.o)
 .data          0x0000000000800060        0x0 /usr/lib/gcc/avr/4.9.2/../../../avr/lib/avr5/libm.a(fp_arccos.o)
 .data          0x0000000000800060        0x0 /usr/lib/gcc/avr/4.9.2/../../../avr/lib/avr5/libm.a(fp_cmp.o)
 .data          0x0000000000800060        0x0 /usr/lib/gcc/avr/4.9.2/../../../avr/lib/avr5/libm.a(fp_inf.o)
 .data          0x0000000000800060        0x0 /usr/lib/gcc/avr/4.9.2/../../../avr/lib/avr5/libm.a(fp_nan.o)
 .data          0x0000000000800060        0x0 /usr/lib/gcc/avr/4.9.2/../../../avr/lib/avr5/libm.a(fp_powser.o)
 .data          0x0000000000800060        0x0 /usr/lib/gcc/avr/4.9.2/../../../avr/lib/avr5/libm.a(fp_powsodd.o)
 .data          0x0000000000800060        0x0 /usr/lib/gcc/avr/4.9.2/../../../avr/lib/avr5/libm.a(fp_pscA.o)
 .data          0x0000000000800060        0x0 /usr/lib/gcc/avr/4.9.2/../../../avr/lib/avr5/libm.a(fp_pscB.o)
 .data          0x0000000000800060        0x0 /usr/lib/gcc/avr/4.9.2/../../../avr/lib/avr5/libm.a(fp_rempio2.o)
 .data          0x0000000000800060        0x0 /usr/lib/gcc/avr/4.9.2/../../../avr/lib/avr5/libm.a(fp_round.o)
 .data          0x0000000000800060        0x0 /usr/lib/gcc/avr/4.9.2/../../../avr/lib/avr5/libm.a(fp_sinus.o)
 .data          0x0000000000800060        0x0 /usr/lib/gcc/avr/4.9.2/../../../avr/lib/avr5/libm.a(fp_split3.o)
 .data          0x0000000000800060        0x0 /usr/lib/gcc/avr/4.9.2/../../../avr/lib/avr5/libm.a(fp_zero.o)
 .data          0x0000000000800060        0x0 /usr/lib/gcc/avr/4.9.2/../../../avr/lib/avr5/libm.a(gesf2.o)
 .data          0x0000000000800060        0x0 /usr/lib/gcc/avr/4.9.2/../../../avr/lib/avr5/libm.a(inverse.o)
 .data          0x0000000000800060        0x0 /usr/lib/gcc/avr/4.9.2/../../../avr/lib/avr5/libm.a(lround.o)
 .data          0x0000000000800060        0x0 /usr/lib/gcc/avr/4.9.2/../../../avr/lib/avr5/libm.a(mulsf3.o)
 .data          0x0000000000800060        0x0 /usr/lib/gcc/avr/4.9.2/../../../avr/lib/avr5/libm.a(mulsf3x.o)
 .data          0x0000000000800060        0x0 /usr/lib/gcc/avr/4.9.2/../../../avr/lib/avr5/libm.a(sin.o)
 .data          0x0000000000800060        0x0 /usr/lib/gcc/avr/4.9.2/../../../avr/lib/avr5/libm.a(sqrt.o)
 .data          0x0000000000800060        0x0 /usr/lib/gcc/avr/4.9.2/../../../avr/lib/avr5/libm.a(square.o)
 .data          0x0000000000800060        0x0 /usr/lib/gcc/avr/4.9.2/../../../avr/lib/avr5/libm.a(fp_mpack.o)
 .data          0x0000000000800060        0x0 /usr/lib/gcc/avr/4.9.2/../../../avr/lib/avr5/libm.a(fp_norm2.o)
 .data          0x0000000000800060        0x0 /usr/lib/gcc/avr/4.9.2/avr5/libgcc.a(_divmodhi4.o)
 .data          0x0000000000800060        0x0 /usr/lib/gcc/avr/4.9.2/avr5/libgcc.a(_exit.o)
 .data          0x0000000000800060        0x0 /usr/lib/gcc/avr/4.9.2/avr5/libgcc.a(_copy_data.o)
 .data          0x0000000000800060        0x0 /usr/lib/gcc/avr/4.9.2/avr5/libgcc.a(_clear_bss.o)
 .data          0x0000000000800060        0x0 /usr/lib/gcc/avr/4.9.2/avr5/libgcc.a(_udivmodhi4.o)
 .data          0x0000000000800060        0x0 /usr/lib/gcc/avr/4.9.2/../../../avr/lib/avr5/libc.a(sscanf.o)
 .data          0x0000000000800060        0x0 /usr/lib/gcc/avr/4.9.2/../../../avr/lib/avr5/libc.a(vfscanf_std.o)
 .data          0x0000000000800060        0x0 /usr/lib/gcc/avr/4.9.2/../../../avr/lib/avr5/libc.a(isspace.o)
 .data          0x0000000000800060        0x0 /usr/lib/gcc/avr/4.9.2/../../../avr/lib/avr5/libc.a(strchr_P.o)
 .data          0x0000000000800060        0x0 /usr/lib/gcc/avr/4.9.2/../../../avr/lib/avr5/libc.a(fgetc.o)
 .data          0x0000000000800060        0x0 /usr/lib/gcc/avr/4.9.2/../../../avr/lib/avr5/libc.a(ungetc.o)
 .data          0x0000000000800060        0x0 /usr/lib/gcc/avr/4.9.2/../../../avr/lib/avr5/libc.a(cty_isfalse.o)
 .data          0x0000000000800060        0x0 /usr/lib/gcc/avr/4.9.2/avr5/libgcc.a(_prologue.o)
 .data          0x0000000000800060        0x0 /usr/lib/gcc/avr/4.9.2/avr5/libgcc.a(_epilogue.o)
 *(.data*)
 *(.rodata)
 *(.rodata*)
 .rodata.str1.1
                0x0000000000800060       0xb6 pushto_lib.o
 *(.gnu.linkonce.d*)
                0x0000000000800116                . = ALIGN (0x2)
                0x0000000000800116                _edata = .
                0x0000000000800116                PROVIDE (__data_end, .)

.bss            0x0000000000800116       0x3f
                0x0000000000800116                PROVIDE (__bss_start, .)
 *(.bss)
 .bss           0x0000000000800116        0x0 /usr/lib/gcc/avr/4.9.2/../../../avr/lib/avr5/crtatmega16a.o
 .bss           0x0000000000800116        0x0 Pushto.o
 .bss           0x0000000000800116        0x0 lcd.o
 .bss           0x0000000000800116        0x0 keypad.o
 .bss           0x0000000000800116        0x0 pushto_lib.o
 .bss           0x0000000000800116        0x0 encoder.o
 .bss           0x0000000000800116        0x0 /usr/lib/gcc/avr/4.9.2/../../../avr/lib/avr5/libm.a(acos.o)
 .bss           0x0000000000800116        0x0 /usr/lib/gcc/avr/4.9.2/../../../avr/lib/avr5/libm.a(addsf3.o)
 .bss           0x0000000000800116        0x0 /usr/lib/gcc/avr/4.9.2/../../../avr/lib/avr5/libm.a(addsf3x.o)
 .bss           0x0000000000800116        0x0 /usr/lib/gcc/avr/4.9.2/../../../avr/lib/avr5/libm.a(asin.o)
 .bss           0x0000000000800116        0x0 /usr/lib/gcc/avr/4.9.2/../../../avr/lib/avr5/libm.a(atan.o)
 .bss           0x0000000000800116        0x0 /usr/lib/gcc/avr/4.9.2/../../../avr/lib/avr5/libm.a(cmpsf2.o)
 .bss           0x0000000000800116        0x0 /usr/lib/gcc/avr/4.9.2/../../../avr/lib/avr5/libm.a(cos.o)
 .bss           0x0000000000800116        0x0 /usr/lib/gcc/avr/4.9.2/../../../avr/lib/avr5/libm.a(divsf3.o)
 .bss           0x0000000000800116        0x0 /usr/lib/gcc/avr/4.9.2/../../../avr/lib/avr5/libm.a(divsf3x.o)
 .bss           0x0000000000800116        0x0 /usr/lib/gcc/avr/4.9.2/../../../avr/lib/avr5/libm.a(floatsisf.o)
 .bss           0x0000000000800116        0x0 /usr/lib/gcc/avr/4.9.2/../../../avr/lib/avr5/libm.a(fp_arccos.o)
 .bss           0x0000000000800116        0x0 /usr/lib/gcc/avr/4.9.2/../../../avr/lib/avr5/libm.a(fp_cmp.o)
 .bss           0x0000000000800116        0x0 /usr/lib/gcc/avr/4.9.2/../../../avr/lib/avr5/libm.a(fp_inf.o)
 .bss           0x0000000000800116        0x0 /usr/lib/gcc/avr/4.9.2/../../../avr/lib/avr5/libm.a(fp_nan.o)
 .bss           0x0000000000800116        0x0 /usr/lib/gcc/avr/4.9.2/../../../avr/lib/avr5/libm.a(fp_powser.o)
 .bss           0x0000000000800116        0x0 /usr/lib/gcc/avr/4.9.2/../../../avr/lib/avr5/libm.a(fp_powsodd.o)
 .bss           0x0000000000800116        0x0 /usr/lib/gcc/avr/4.9.2/../../../avr/lib/avr5/libm.a(fp_pscA.o)
 .bss           0x0000000000800116        0x0 /usr/lib/gcc/avr/4.9.2/../../../avr/lib/avr5/libm.a(fp_pscB.o)
 .bss           0x0000000000800116        0x0 /usr/lib/gcc/avr/4.9.2/../../../avr/lib/avr5/libm.a(fp_rempio2.o)
 .bss           0x0000000000800116        0x0 /usr/lib/gcc/avr/4.9.2/../../../avr/lib/avr5/libm.a(fp_round.o)
 .bss           0x0000000000800116        0x0 /usr/lib/gcc/avr/4.9.2/../../../avr/lib/avr5/libm.a(fp_sinus.o)
 .bss           0x0000000000800116        0x0 /usr/lib/gcc/avr/4.9.2/../../../avr/lib/avr5/libm.a(fp_split3.o)
 .bss           0x0000000000800116        0x0 /usr/lib/gcc/avr/4.9.2/../../../avr/lib/avr5/libm.a(fp_zero.o)
 .bss           0x0000000000800116        0x0 /usr/lib/gcc/avr/4.9.2/../../../avr/lib/avr5/libm.a(gesf2.o)
 .bss           0x0000000000800116        0x0 /usr/lib/gcc/avr/4.9.2/../../../avr/lib/avr5/libm.a(inverse.o)
 .bss           0x0000000000800116        0x0 /usr/lib/gcc/avr/4.9.2/../../../avr/lib/avr5/libm.a(lround.o)
 .bss           0x0000000000800116        0x0 /usr/lib/gcc/avr/4.9.2/../../../avr/lib/avr5/libm.a(mulsf3.o)
 .bss           0x0000000000800116        0x0 /usr/lib/gcc/avr/4.9.2/../../../avr/lib/avr5/libm.a(mulsf3x.o)
 .bss           0x0000000000800116        0x0 /usr/lib/gcc/avr/4.9.2/../../../avr/lib/avr5/libm.a(sin.o)
 .bss           0x0000000000800116        0x0 /usr/lib/gcc/avr/4.9.2/../../../avr/lib/avr5/libm.a(sqrt.o)
 .bss           0x0000000000800116        0x0 /usr/lib/gcc/avr/4.9.2/../../../avr/lib/avr5/libm.a(square.o)
 .bss           0x0000000000800116        0x0 /usr/lib/gcc/avr/4.9.2/../../../avr/lib/avr5/libm.a(fp_mpack.o)
 .bss           0x0000000000800116        0x0 /usr/lib/gcc/avr/4.9.2/../../../avr/lib/avr5/libm.a(fp_norm2.o)
 .bss           0x0000000000800116        0x0 /usr/lib/gcc/avr/4.9.2/avr5/libgcc.a(_divmodhi4.o)
 .bss           0x0000000000800116        0x0 /usr/lib/gcc/avr/4.9.2/avr5/libgcc.a(_exit.o)
 .bss           0x0000000000800116        0x0 /usr/lib/gcc/avr/4.9.2/avr5/libgcc.a(_copy_data.o)
 .bss           0x0000000000800116        0x0 /usr/lib/gcc/avr/4.9.2/avr5/libgcc.a(_clear_bss.o)
 .bss           0x0000000000800116        0x0 /usr/lib/gcc/avr/4.9.2/avr5/libgcc.a(_udivmodhi4.o)
 .bss           0x0000000000800116        0x0 /usr/lib/gcc/avr/4.9.2/../../../avr/lib/avr5/libc.a(sscanf.o)
 .bss           0x0000000000800116        0x0 /usr/lib/gcc/avr/4.9.2/../../../avr/lib/avr5/libc.a(vfscanf_std.o)
 .bss           0x0000000000800116        0x0 /usr/lib/gcc/avr/4.9.2/../../../avr/lib/avr5/libc.a(isspace.o)
 .bss           0x0000000000800116        0x0 /usr/lib/gcc/avr/4.9.2/../../../avr/lib/avr5/libc.a(strchr_P.o)
 .bss           0x0000000000800116        0x0 /usr/lib/gcc/avr/4.9.2/../../../avr/lib/avr5/libc.a(fgetc.o)
 .bss           0x0000000000800116        0x0 /usr/lib/gcc/avr/4.9.2/../../../avr/lib/avr5/libc.a(ungetc.o)
 .bss           0x0000000000800116        0x0 /usr/lib/gcc/avr/4.9.2/../../../avr/lib/avr5/libc.a(cty_isfalse.o)
 .bss           0x0000000000800116        0x0 /usr/lib/gcc/avr/4.9.2/avr5/libgcc.a(_prologue.o)
 .bss           0x0000000000800116        0x0 /usr/lib/gcc/avr/4.9.2/avr5/libgcc.a(_epilogue.o)
 *(.bss*)
 *(COMMON)
 COMMON         0x0000000000800116       0x3f Pushto.o
                0x0000000000800116                keypad_A
                0x000000000080012b                encoder1
                0x0000000000800133                telescope_A
                0x000000000080014d                encoder2
                0x0000000000800155                PROVIDE (__bss_end, .)
                0x0000000000001eea                __data_load_start = LOADADDR (.data)
                0x0000000000001fa0                __data_load_end = (__data_load_start + SIZEOF (.data))

.noinit         0x0000000000800155        0x0
                0x0000000000800155                PROVIDE (__noinit_start, .)
 *(.noinit*)
                0x0000000000800155                PROVIDE (__noinit_end, .)
                0x0000000000800155                _end = .
                0x0000000000800155                PROVIDE (__heap_start, .)

.eeprom         0x0000000000810000        0x0
 *(.eeprom*)
                0x0000000000810000                __eeprom_end = .

.fuse
 *(.fuse)
 *(.lfuse)
 *(.hfuse)
 *(.efuse)

.lock
 *(.lock*)

.signature
 *(.signature*)

.user_signatures
 *(.user_signatures*)

.stab
 *(.stab)

.stabstr
 *(.stabstr)

.stab.excl
 *(.stab.excl)

.stab.exclstr
 *(.stab.exclstr)

.stab.index
 *(.stab.index)

.stab.indexstr
 *(.stab.indexstr)

.comment        0x0000000000000000       0x11
 *(.comment)
 .comment       0x0000000000000000       0x11 Pushto.o
                                         0x12 (size before relaxing)
 .comment       0x0000000000000011       0x12 lcd.o
 .comment       0x0000000000000011       0x12 keypad.o
 .comment       0x0000000000000011       0x12 pushto_lib.o
 .comment       0x0000000000000011       0x12 encoder.o
 .comment       0x0000000000000011       0x12 /usr/lib/gcc/avr/4.9.2/../../../avr/lib/avr5/libc.a(sscanf.o)
 .comment       0x0000000000000011       0x12 /usr/lib/gcc/avr/4.9.2/../../../avr/lib/avr5/libc.a(vfscanf_std.o)
 .comment       0x0000000000000011       0x12 /usr/lib/gcc/avr/4.9.2/../../../avr/lib/avr5/libc.a(fgetc.o)
 .comment       0x0000000000000011       0x12 /usr/lib/gcc/avr/4.9.2/../../../avr/lib/avr5/libc.a(ungetc.o)

.note.gnu.avr.deviceinfo
                0x0000000000000000       0x3c
 .note.gnu.avr.deviceinfo
                0x0000000000000000       0x3c /usr/lib/gcc/avr/4.9.2/../../../avr/lib/avr5/crtatmega16a.o

.note.gnu.build-id
 *(.note.gnu.build-id)

.debug
 *(.debug)

.line
 *(.line)

.debug_srcinfo
 *(.debug_srcinfo)

.debug_sfnames
 *(.debug_sfnames)

.debug_aranges  0x0000000000000000       0xa8
 *(.debug_aranges)
 .debug_aranges
                0x0000000000000000       0x28 Pushto.o
 .debug_aranges
                0x0000000000000028       0x20 lcd.o
 .debug_aranges
                0x0000000000000048       0x20 keypad.o
 .debug_aranges
                0x0000000000000068       0x20 pushto_lib.o
 .debug_aranges
                0x0000000000000088       0x20 encoder.o

.debug_pubnames
 *(.debug_pubnames)

.debug_info     0x0000000000000000     0x1745
 *(.debug_info .gnu.linkonce.wi.*)
 .debug_info    0x0000000000000000      0x472 Pushto.o
 .debug_info    0x0000000000000472      0x5d2 lcd.o
 .debug_info    0x0000000000000a44      0x23c keypad.o
 .debug_info    0x0000000000000c80      0x9bc pushto_lib.o
 .debug_info    0x000000000000163c      0x109 encoder.o

.debug_abbrev   0x0000000000000000      0x6e1
 *(.debug_abbrev)
 .debug_abbrev  0x0000000000000000      0x187 Pushto.o
 .debug_abbrev  0x0000000000000187      0x18b lcd.o
 .debug_abbrev  0x0000000000000312      0x189 keypad.o
 .debug_abbrev  0x000000000000049b      0x1ae pushto_lib.o
 .debug_abbrev  0x0000000000000649       0x98 encoder.o

.debug_line     0x0000000000000000      0x4a2
 *(.debug_line .debug_line.* .debug_line_end)
 .debug_line    0x0000000000000000       0xcd Pushto.o
 .debug_line    0x00000000000000cd      0x159 lcd.o
 .debug_line    0x0000000000000226       0xe7 keypad.o
 .debug_line    0x000000000000030d      0x129 pushto_lib.o
 .debug_line    0x0000000000000436       0x6c encoder.o

.debug_frame    0x0000000000000000      0x474
 *(.debug_frame)
 .debug_frame   0x0000000000000000      0x16c Pushto.o
 .debug_frame   0x000000000000016c       0xbc lcd.o
 .debug_frame   0x0000000000000228       0x50 keypad.o
 .debug_frame   0x0000000000000278      0x1cc pushto_lib.o
 .debug_frame   0x0000000000000444       0x30 encoder.o

.debug_str      0x0000000000000000      0x34a
 *(.debug_str)
 .debug_str     0x0000000000000000      0x21e Pushto.o
                                        0x263 (size before relaxing)
 .debug_str     0x000000000000021e       0xa5 lcd.o
                                        0x1c8 (size before relaxing)
 .debug_str     0x00000000000002c3       0x1d keypad.o
                                        0x1b9 (size before relaxing)
 .debug_str     0x00000000000002e0       0x54 pushto_lib.o
                                        0x28f (size before relaxing)
 .debug_str     0x0000000000000334       0x16 encoder.o
                                        0x15e (size before relaxing)

.debug_loc      0x0000000000000000      0xdb7
 *(.debug_loc)
 .debug_loc     0x0000000000000000      0x27b Pushto.o
 .debug_loc     0x000000000000027b      0x2e9 lcd.o
 .debug_loc     0x0000000000000564      0x1e2 keypad.o
 .debug_loc     0x0000000000000746      0x60c pushto_lib.o
 .debug_loc     0x0000000000000d52       0x65 encoder.o

.debug_macinfo
 *(.debug_macinfo)

.debug_weaknames
 *(.debug_weaknames)

.debug_funcnames
 *(.debug_funcnames)

.debug_typenames
 *(.debug_typenames)

.debug_varnames
 *(.debug_varnames)

.debug_pubtypes
 *(.debug_pubtypes)

.debug_ranges   0x0000000000000000       0x18
 *(.debug_ranges)
 .debug_ranges  0x0000000000000000       0x18 Pushto.o

.debug_macro
 *(.debug_macro)
OUTPUT(Pushto.elf elf32-avr)
LOAD linker stubs

Tablica wzajemnych odniesień

Symbol                                            Plik
__addsf3                                          /usr/lib/gcc/avr/4.9.2/../../../avr/lib/avr5/libm.a(addsf3.o)
                                                  pushto_lib.o
                                                  Pushto.o
__addsf3x                                         /usr/lib/gcc/avr/4.9.2/../../../avr/lib/avr5/libm.a(addsf3x.o)
                                                  /usr/lib/gcc/avr/4.9.2/../../../avr/lib/avr5/libm.a(fp_sinus.o)
                                                  /usr/lib/gcc/avr/4.9.2/../../../avr/lib/avr5/libm.a(fp_powser.o)
                                                  /usr/lib/gcc/avr/4.9.2/../../../avr/lib/avr5/libm.a(atan.o)
                                                  /usr/lib/gcc/avr/4.9.2/../../../avr/lib/avr5/libm.a(asin.o)
                                                  /usr/lib/gcc/avr/4.9.2/../../../avr/lib/avr5/libm.a(addsf3.o)
                                                  /usr/lib/gcc/avr/4.9.2/../../../avr/lib/avr5/libm.a(acos.o)
__bad_interrupt                                   /usr/lib/gcc/avr/4.9.2/../../../avr/lib/avr5/crtatmega16a.o
__bss_end                                         /usr/lib/gcc/avr/4.9.2/avr5/libgcc.a(_clear_bss.o)
__bss_start                                       /usr/lib/gcc/avr/4.9.2/avr5/libgcc.a(_clear_bss.o)
__cmpsf2                                          /usr/lib/gcc/avr/4.9.2/../../../avr/lib/avr5/libm.a(cmpsf2.o)
__ctype_isfalse                                   /usr/lib/gcc/avr/4.9.2/../../../avr/lib/avr5/libc.a(cty_isfalse.o)
                                                  /usr/lib/gcc/avr/4.9.2/../../../avr/lib/avr5/libc.a(isspace.o)
__ctype_istrue                                    /usr/lib/gcc/avr/4.9.2/../../../avr/lib/avr5/libc.a(cty_isfalse.o)
__data_end                                        /usr/lib/gcc/avr/4.9.2/avr5/libgcc.a(_copy_data.o)
__data_load_start                                 /usr/lib/gcc/avr/4.9.2/avr5/libgcc.a(_copy_data.o)
__data_start                                      /usr/lib/gcc/avr/4.9.2/avr5/libgcc.a(_copy_data.o)
__divmodhi4                                       /usr/lib/gcc/avr/4.9.2/avr5/libgcc.a(_divmodhi4.o)
                                                  lcd.o
__divsf3                                          /usr/lib/gcc/avr/4.9.2/../../../avr/lib/avr5/libm.a(divsf3.o)
                                                  /usr/lib/gcc/avr/4.9.2/../../../avr/lib/avr5/libm.a(inverse.o)
                                                  pushto_lib.o
__divsf3_pse                                      /usr/lib/gcc/avr/4.9.2/../../../avr/lib/avr5/libm.a(divsf3x.o)
__divsf3x                                         /usr/lib/gcc/avr/4.9.2/../../../avr/lib/avr5/libm.a(divsf3x.o)
                                                  /usr/lib/gcc/avr/4.9.2/../../../avr/lib/avr5/libm.a(divsf3.o)
__do_clear_bss                                    /usr/lib/gcc/avr/4.9.2/avr5/libgcc.a(_clear_bss.o)
                                                  encoder.o
                                                  pushto_lib.o
                                                  keypad.o
                                                  Pushto.o
__do_copy_data                                    /usr/lib/gcc/avr/4.9.2/avr5/libgcc.a(_copy_data.o)
                                                  pushto_lib.o
__epilogue_restores__                             /usr/lib/gcc/avr/4.9.2/avr5/libgcc.a(_epilogue.o)
                                                  /usr/lib/gcc/avr/4.9.2/../../../avr/lib/avr5/libc.a(vfscanf_std.o)
                                                  /usr/lib/gcc/avr/4.9.2/../../../avr/lib/avr5/libc.a(sscanf.o)
__eqsf2                                           /usr/lib/gcc/avr/4.9.2/../../../avr/lib/avr5/libm.a(cmpsf2.o)
__floatsisf                                       /usr/lib/gcc/avr/4.9.2/../../../avr/lib/avr5/libm.a(floatsisf.o)
                                                  encoder.o
                                                  pushto_lib.o
__floatunsisf                                     /usr/lib/gcc/avr/4.9.2/../../../avr/lib/avr5/libm.a(floatsisf.o)
__fp_arccos                                       /usr/lib/gcc/avr/4.9.2/../../../avr/lib/avr5/libm.a(fp_arccos.o)
                                                  /usr/lib/gcc/avr/4.9.2/../../../avr/lib/avr5/libm.a(asin.o)
                                                  /usr/lib/gcc/avr/4.9.2/../../../avr/lib/avr5/libm.a(acos.o)
__fp_cmp                                          /usr/lib/gcc/avr/4.9.2/../../../avr/lib/avr5/libm.a(fp_cmp.o)
                                                  /usr/lib/gcc/avr/4.9.2/../../../avr/lib/avr5/libm.a(gesf2.o)
                                                  /usr/lib/gcc/avr/4.9.2/../../../avr/lib/avr5/libm.a(cmpsf2.o)
__fp_inf                                          /usr/lib/gcc/avr/4.9.2/../../../avr/lib/avr5/libm.a(fp_inf.o)
                                                  /usr/lib/gcc/avr/4.9.2/../../../avr/lib/avr5/libm.a(mulsf3x.o)
                                                  /usr/lib/gcc/avr/4.9.2/../../../avr/lib/avr5/libm.a(divsf3x.o)
                                                  /usr/lib/gcc/avr/4.9.2/../../../avr/lib/avr5/libm.a(addsf3x.o)
__fp_mpack                                        /usr/lib/gcc/avr/4.9.2/../../../avr/lib/avr5/libm.a(fp_mpack.o)
                                                  /usr/lib/gcc/avr/4.9.2/../../../avr/lib/avr5/libm.a(sqrt.o)
__fp_mpack_finite                                 /usr/lib/gcc/avr/4.9.2/../../../avr/lib/avr5/libm.a(fp_mpack.o)
                                                  /usr/lib/gcc/avr/4.9.2/../../../avr/lib/avr5/libm.a(fp_rempio2.o)
__fp_nan                                          /usr/lib/gcc/avr/4.9.2/../../../avr/lib/avr5/libm.a(fp_nan.o)
                                                  /usr/lib/gcc/avr/4.9.2/../../../avr/lib/avr5/libm.a(sqrt.o)
                                                  /usr/lib/gcc/avr/4.9.2/../../../avr/lib/avr5/libm.a(mulsf3x.o)
                                                  /usr/lib/gcc/avr/4.9.2/../../../avr/lib/avr5/libm.a(fp_rempio2.o)
                                                  /usr/lib/gcc/avr/4.9.2/../../../avr/lib/avr5/libm.a(divsf3x.o)
                                                  /usr/lib/gcc/avr/4.9.2/../../../avr/lib/avr5/libm.a(addsf3x.o)
__fp_norm2                                        /usr/lib/gcc/avr/4.9.2/../../../avr/lib/avr5/libm.a(fp_norm2.o)
                                                  /usr/lib/gcc/avr/4.9.2/../../../avr/lib/avr5/libm.a(sqrt.o)
__fp_powser                                       /usr/lib/gcc/avr/4.9.2/../../../avr/lib/avr5/libm.a(fp_powser.o)
                                                  /usr/lib/gcc/avr/4.9.2/../../../avr/lib/avr5/libm.a(fp_powsodd.o)
                                                  /usr/lib/gcc/avr/4.9.2/../../../avr/lib/avr5/libm.a(fp_arccos.o)
                                                  /usr/lib/gcc/avr/4.9.2/../../../avr/lib/avr5/libm.a(atan.o)
__fp_powsodd                                      /usr/lib/gcc/avr/4.9.2/../../../avr/lib/avr5/libm.a(fp_powsodd.o)
                                                  /usr/lib/gcc/avr/4.9.2/../../../avr/lib/avr5/libm.a(fp_sinus.o)
                                                  /usr/lib/gcc/avr/4.9.2/../../../avr/lib/avr5/libm.a(asin.o)
__fp_pscA                                         /usr/lib/gcc/avr/4.9.2/../../../avr/lib/avr5/libm.a(fp_pscA.o)
                                                  /usr/lib/gcc/avr/4.9.2/../../../avr/lib/avr5/libm.a(mulsf3x.o)
                                                  /usr/lib/gcc/avr/4.9.2/../../../avr/lib/avr5/libm.a(divsf3x.o)
                                                  /usr/lib/gcc/avr/4.9.2/../../../avr/lib/avr5/libm.a(addsf3x.o)
__fp_pscB                                         /usr/lib/gcc/avr/4.9.2/../../../avr/lib/avr5/libm.a(fp_pscB.o)
                                                  /usr/lib/gcc/avr/4.9.2/../../../avr/lib/avr5/libm.a(mulsf3x.o)
                                                  /usr/lib/gcc/avr/4.9.2/../../../avr/lib/avr5/libm.a(divsf3x.o)
                                                  /usr/lib/gcc/avr/4.9.2/../../../avr/lib/avr5/libm.a(addsf3x.o)
__fp_rempio2                                      /usr/lib/gcc/avr/4.9.2/../../../avr/lib/avr5/libm.a(fp_rempio2.o)
                                                  /usr/lib/gcc/avr/4.9.2/../../../avr/lib/avr5/libm.a(sin.o)
                                                  /usr/lib/gcc/avr/4.9.2/../../../avr/lib/avr5/libm.a(cos.o)
__fp_round                                        /usr/lib/gcc/avr/4.9.2/../../../avr/lib/avr5/libm.a(fp_round.o)
                                                  /usr/lib/gcc/avr/4.9.2/../../../avr/lib/avr5/libm.a(mulsf3.o)
                                                  /usr/lib/gcc/avr/4.9.2/../../../avr/lib/avr5/libm.a(fp_sinus.o)
                                                  /usr/lib/gcc/avr/4.9.2/../../../avr/lib/avr5/libm.a(fp_arccos.o)
                                                  /usr/lib/gcc/avr/4.9.2/../../../avr/lib/avr5/libm.a(divsf3.o)
                                                  /usr/lib/gcc/avr/4.9.2/../../../avr/lib/avr5/libm.a(atan.o)
                                                  /usr/lib/gcc/avr/4.9.2/../../../avr/lib/avr5/libm.a(asin.o)
                                                  /usr/lib/gcc/avr/4.9.2/../../../avr/lib/avr5/libm.a(addsf3.o)
                                                  /usr/lib/gcc/avr/4.9.2/../../../avr/lib/avr5/libm.a(acos.o)
__fp_sinus                                        /usr/lib/gcc/avr/4.9.2/../../../avr/lib/avr5/libm.a(fp_sinus.o)
                                                  /usr/lib/gcc/avr/4.9.2/../../../avr/lib/avr5/libm.a(sin.o)
                                                  /usr/lib/gcc/avr/4.9.2/../../../avr/lib/avr5/libm.a(cos.o)
__fp_split3                                       /usr/lib/gcc/avr/4.9.2/../../../avr/lib/avr5/libm.a(fp_split3.o)
                                                  /usr/lib/gcc/avr/4.9.2/../../../avr/lib/avr5/libm.a(mulsf3x.o)
                                                  /usr/lib/gcc/avr/4.9.2/../../../avr/lib/avr5/libm.a(divsf3x.o)
                                                  /usr/lib/gcc/avr/4.9.2/../../../avr/lib/avr5/libm.a(addsf3x.o)
__fp_splitA                                       /usr/lib/gcc/avr/4.9.2/../../../avr/lib/avr5/libm.a(fp_split3.o)
                                                  /usr/lib/gcc/avr/4.9.2/../../../avr/lib/avr5/libm.a(sqrt.o)
                                                  /usr/lib/gcc/avr/4.9.2/../../../avr/lib/avr5/libm.a(lround.o)
                                                  /usr/lib/gcc/avr/4.9.2/../../../avr/lib/avr5/libm.a(fp_rempio2.o)
__fp_szero                                        /usr/lib/gcc/avr/4.9.2/../../../avr/lib/avr5/libm.a(fp_zero.o)
                                                  /usr/lib/gcc/avr/4.9.2/../../../avr/lib/avr5/libm.a(mulsf3x.o)
                                                  /usr/lib/gcc/avr/4.9.2/../../../avr/lib/avr5/libm.a(lround.o)
                                                  /usr/lib/gcc/avr/4.9.2/../../../avr/lib/avr5/libm.a(divsf3x.o)
__fp_zero                                         /usr/lib/gcc/avr/4.9.2/../../../avr/lib/avr5/libm.a(fp_zero.o)
                                                  /usr/lib/gcc/avr/4.9.2/../../../avr/lib/avr5/libm.a(lround.o)
                                                  /usr/lib/gcc/avr/4.9.2/../../../avr/lib/avr5/libm.a(addsf3x.o)
__gesf2                                           /usr/lib/gcc/avr/4.9.2/../../../avr/lib/avr5/libm.a(gesf2.o)
                                                  encoder.o
__gtsf2                                           /usr/lib/gcc/avr/4.9.2/../../../avr/lib/avr5/libm.a(gesf2.o)
                                                  pushto_lib.o
__heap_end                                        /usr/lib/gcc/avr/4.9.2/../../../avr/lib/avr5/crtatmega16a.o
__init                                            /usr/lib/gcc/avr/4.9.2/../../../avr/lib/avr5/crtatmega16a.o
__lesf2                                           /usr/lib/gcc/avr/4.9.2/../../../avr/lib/avr5/libm.a(cmpsf2.o)
                                                  pushto_lib.o
__ltsf2                                           /usr/lib/gcc/avr/4.9.2/../../../avr/lib/avr5/libm.a(cmpsf2.o)
                                                  pushto_lib.o
__mulsf3                                          /usr/lib/gcc/avr/4.9.2/../../../avr/lib/avr5/libm.a(mulsf3.o)
                                                  /usr/lib/gcc/avr/4.9.2/../../../avr/lib/avr5/libm.a(square.o)
                                                  /usr/lib/gcc/avr/4.9.2/../../../avr/lib/avr5/libm.a(fp_powsodd.o)
                                                  pushto_lib.o
__mulsf3_pse                                      /usr/lib/gcc/avr/4.9.2/../../../avr/lib/avr5/libm.a(mulsf3x.o)
__mulsf3x                                         /usr/lib/gcc/avr/4.9.2/../../../avr/lib/avr5/libm.a(mulsf3x.o)
                                                  /usr/lib/gcc/avr/4.9.2/../../../avr/lib/avr5/libm.a(mulsf3.o)
                                                  /usr/lib/gcc/avr/4.9.2/../../../avr/lib/avr5/libm.a(fp_powser.o)
                                                  /usr/lib/gcc/avr/4.9.2/../../../avr/lib/avr5/libm.a(fp_arccos.o)
                                                  /usr/lib/gcc/avr/4.9.2/../../../avr/lib/avr5/libm.a(atan.o)
__nesf2                                           /usr/lib/gcc/avr/4.9.2/../../../avr/lib/avr5/libm.a(cmpsf2.o)
__prologue_saves__                                /usr/lib/gcc/avr/4.9.2/avr5/libgcc.a(_prologue.o)
                                                  /usr/lib/gcc/avr/4.9.2/../../../avr/lib/avr5/libc.a(vfscanf_std.o)
                                                  /usr/lib/gcc/avr/4.9.2/../../../avr/lib/avr5/libc.a(sscanf.o)
__stack                                           /usr/lib/gcc/avr/4.9.2/../../../avr/lib/avr5/crtatmega16a.o
__subsf3                                          /usr/lib/gcc/avr/4.9.2/../../../avr/lib/avr5/libm.a(addsf3.o)
                                                  /usr/lib/gcc/avr/4.9.2/../../../avr/lib/avr5/libm.a(fp_arccos.o)
                                                  pushto_lib.o
__udivmodhi4                                      /usr/lib/gcc/avr/4.9.2/avr5/libgcc.a(_udivmodhi4.o)
                                                  /usr/lib/gcc/avr/4.9.2/avr5/libgcc.a(_divmodhi4.o)
__vector_1                                        Pushto.o
                                                  /usr/lib/gcc/avr/4.9.2/../../../avr/lib/avr5/crtatmega16a.o
__vector_10                                       /usr/lib/gcc/avr/4.9.2/../../../avr/lib/avr5/crtatmega16a.o
__vector_11                                       /usr/lib/gcc/avr/4.9.2/../../../avr/lib/avr5/crtatmega16a.o
__vector_12                                       /usr/lib/gcc/avr/4.9.2/../../../avr/lib/avr5/crtatmega16a.o
__vector_13                                       /usr/lib/gcc/avr/4.9.2/../../../avr/lib/avr5/crtatmega16a.o
__vector_14                                       /usr/lib/gcc/avr/4.9.2/../../../avr/lib/avr5/crtatmega16a.o
__vector_15                                       /usr/lib/gcc/avr/4.9.2/../../../avr/lib/avr5/crtatmega16a.o
__vector_16                                       /usr/lib/gcc/avr/4.9.2/../../../avr/lib/avr5/crtatmega16a.o
__vector_17                                       /usr/lib/gcc/avr/4.9.2/../../../avr/lib/avr5/crtatmega16a.o
__vector_18                                       /usr/lib/gcc/avr/4.9.2/../../../avr/lib/avr5/crtatmega16a.o
__vector_19                                       /usr/lib/gcc/avr/4.9.2/../../../avr/lib/avr5/crtatmega16a.o
__vector_2                                        Pushto.o
                                                  /usr/lib/gcc/avr/4.9.2/../../../avr/lib/avr5/crtatmega16a.o
__vector_20                                       /usr/lib/gcc/avr/4.9.2/../../../avr/lib/avr5/crtatmega16a.o
__vector_3                                        /usr/lib/gcc/avr/4.9.2/../../../avr/lib/avr5/crtatmega16a.o
__vector_4                                        /usr/lib/gcc/avr/4.9.2/../../../avr/lib/avr5/crtatmega16a.o
__vector_5                                        /usr/lib/gcc/avr/4.9.2/../../../avr/lib/avr5/crtatmega16a.o
__vector_6                                        Pushto.o
                                                  /usr/lib/gcc/avr/4.9.2/../../../avr/lib/avr5/crtatmega16a.o
__vector_7                                        /usr/lib/gcc/avr/4.9.2/../../../avr/lib/avr5/crtatmega16a.o
__vector_8                                        /usr/lib/gcc/avr/4.9.2/../../../avr/lib/avr5/crtatmega16a.o
__vector_9                                        /usr/lib/gcc/avr/4.9.2/../../../avr/lib/avr5/crtatmega16a.o
__vector_default                                  /usr/lib/gcc/avr/4.9.2/../../../avr/lib/avr5/crtatmega16a.o
__vectors                                         /usr/lib/gcc/avr/4.9.2/../../../avr/lib/avr5/crtatmega16a.o
_div                                              /usr/lib/gcc/avr/4.9.2/avr5/libgcc.a(_divmodhi4.o)
_exit                                             /usr/lib/gcc/avr/4.9.2/avr5/libgcc.a(_exit.o)
acos                                              /usr/lib/gcc/avr/4.9.2/../../../avr/lib/avr5/libm.a(acos.o)
                                                  pushto_lib.o
asin                                              /usr/lib/gcc/avr/4.9.2/../../../avr/lib/avr5/libm.a(asin.o)
                                                  pushto_lib.o
atan                                              /usr/lib/gcc/avr/4.9.2/../../../avr/lib/avr5/libm.a(atan.o)
                                                  pushto_lib.o
cos                                               /usr/lib/gcc/avr/4.9.2/../../../avr/lib/avr5/libm.a(cos.o)
                                                  pushto_lib.o
direction                                         encoder.o
                                                  Pushto.o
encoder1                                          encoder.o
                                                  pushto_lib.o
                                                  Pushto.o
encoder2                                          encoder.o
                                                  pushto_lib.o
                                                  Pushto.o
exit                                              /usr/lib/gcc/avr/4.9.2/avr5/libgcc.a(_exit.o)
                                                  /usr/lib/gcc/avr/4.9.2/../../../avr/lib/avr5/crtatmega16a.o
fgetc                                             /usr/lib/gcc/avr/4.9.2/../../../avr/lib/avr5/libc.a(fgetc.o)
                                                  /usr/lib/gcc/avr/4.9.2/../../../avr/lib/avr5/libc.a(vfscanf_std.o)
gotoXy                                            lcd.o
                                                  pushto_lib.o
integerToLcd                                      lcd.o
                                                  pushto_lib.o
inverse                                           /usr/lib/gcc/avr/4.9.2/../../../avr/lib/avr5/libm.a(inverse.o)
                                                  /usr/lib/gcc/avr/4.9.2/../../../avr/lib/avr5/libm.a(atan.o)
isspace                                           /usr/lib/gcc/avr/4.9.2/../../../avr/lib/avr5/libc.a(isspace.o)
                                                  /usr/lib/gcc/avr/4.9.2/../../../avr/lib/avr5/libc.a(vfscanf_std.o)
kalibracja                                        pushto_lib.o
                                                  Pushto.o
keypad                                            keypad.o
                                                  pushto_lib.o
                                                  Pushto.o
keypad_A                                          pushto_lib.o
                                                  keypad.o
                                                  Pushto.o
keypad_clr_buf                                    keypad.o
                                                  pushto_lib.o
keypad_proc                                       keypad.o
                                                  pushto_lib.o
                                                  Pushto.o
lcdData                                           lcd.o
lcdInit                                           lcd.o
                                                  Pushto.o
lcd_clr                                           lcd.o
                                                  pushto_lib.o
                                                  Pushto.o
lcdcmd                                            lcd.o
lround                                            /usr/lib/gcc/avr/4.9.2/../../../avr/lib/avr5/libm.a(lround.o)
                                                  pushto_lib.o
main                                              Pushto.o
                                                  /usr/lib/gcc/avr/4.9.2/../../../avr/lib/avr5/crtatmega16a.o
naprowadzanie                                     pushto_lib.o
                                                  Pushto.o
nowy_cel                                          pushto_lib.o
                                                  Pushto.o
obliczenie_nastaw                                 pushto_lib.o
                                                  Pushto.o
prints                                            lcd.o
                                                  pushto_lib.o
sin                                               /usr/lib/gcc/avr/4.9.2/../../../avr/lib/avr5/libm.a(sin.o)
                                                  pushto_lib.o
sqrt                                              /usr/lib/gcc/avr/4.9.2/../../../avr/lib/avr5/libm.a(sqrt.o)
                                                  /usr/lib/gcc/avr/4.9.2/../../../avr/lib/avr5/libm.a(fp_arccos.o)
sqrtf                                             /usr/lib/gcc/avr/4.9.2/../../../avr/lib/avr5/libm.a(sqrt.o)
square                                            /usr/lib/gcc/avr/4.9.2/../../../avr/lib/avr5/libm.a(square.o)
                                                  /usr/lib/gcc/avr/4.9.2/../../../avr/lib/avr5/libm.a(atan.o)
sscanf                                            /usr/lib/gcc/avr/4.9.2/../../../avr/lib/avr5/libc.a(sscanf.o)
                                                  pushto_lib.o
strchr_P                                          /usr/lib/gcc/avr/4.9.2/../../../avr/lib/avr5/libc.a(strchr_P.o)
                                                  /usr/lib/gcc/avr/4.9.2/../../../avr/lib/avr5/libc.a(vfscanf_std.o)
system_init                                       Pushto.o
telescope_A                                       pushto_lib.o
                                                  Pushto.o
ungetc                                            /usr/lib/gcc/avr/4.9.2/../../../avr/lib/avr5/libc.a(ungetc.o)
                                                  /usr/lib/gcc/avr/4.9.2/../../../avr/lib/avr5/libc.a(vfscanf_std.o)
vfscanf                                           /usr/lib/gcc/avr/4.9.2/../../../avr/lib/avr5/libc.a(vfscanf_std.o)
                                                  /usr/lib/gcc/avr/4.9.2/../../../avr/lib/avr5/libc.a(sscanf.o)
